---
http_interactions:
- request:
    method: get
    uri: "<API-URL>/posts/2"
    body:
      encoding: US-ASCII
      string: ''
    headers:
      Accept-Encoding:
      - gzip;q=1.0,deflate;q=0.6,identity;q=0.3
      Accept:
      - "*/*"
      User-Agent:
      - Ruby
  response:
    status:
      code: 200
      message: OK
    headers:
      Date:
      - Mon, 26 Jul 2021 19:05:43 GMT
      Content-Type:
      - application/json; charset=utf-8
      Transfer-Encoding:
      - chunked
      Connection:
      - keep-alive
      X-Powered-By:
      - Express
      X-Ratelimit-Limit:
      - '1000'
      X-Ratelimit-Remaining:
      - '999'
      X-Ratelimit-Reset:
      - '1627323597'
      Vary:
      - Origin, Accept-Encoding
      Access-Control-Allow-Credentials:
      - 'true'
      Cache-Control:
      - max-age=43200
      Pragma:
      - no-cache
      Expires:
      - "-1"
      X-Content-Type-Options:
      - nosniff
      Etag:
      - W/"116-jnDuMpjju89+9j7e0BqkdFsVRjs"
      Via:
      - 1.1 vegur
      Cf-Cache-Status:
      - HIT
      Age:
      - '2806'
      Expect-Ct:
      - max-age=604800, report-uri="https://report-uri.cloudflare.com/cdn-cgi/beacon/expect-ct"
      Report-To:
      - '{"endpoints":[{"url":"https:\/\/a.nel.cloudflare.com\/report\/v3?s=6H11HqWCZVgi0Aiu4zA4Oy0cHjR5Oztp62%2B%2BkG1KqHZ5PP9ZW8wltZJHHnbBS%2BkFaruHz%2Bd3fEXLEhAekPfN5zgH9hp9Z7mj3yAsfZJCjVKC1mxNLRdswrRrXJuTPXCrsJphIsBGWPpLova7ppkz"}],"group":"cf-nel","max_age":604800}'
      Nel:
      - '{"report_to":"cf-nel","max_age":604800}'
      Server:
      - cloudflare
      Cf-Ray:
      - 674fe6ac999bb8f9-MIA
      Alt-Svc:
      - h3-27=":443"; ma=86400, h3-28=":443"; ma=86400, h3-29=":443"; ma=86400, h3=":443";
        ma=86400
    body:
      encoding: ASCII-8BIT
      string: |-
        {
          "userId": 1,
          "id": 2,
          "title": "qui est esse",
          "body": "est rerum tempore vitae\nsequi sint nihil reprehenderit dolor beatae ea dolores neque\nfugiat blanditiis voluptate porro vel nihil molestiae ut reiciendis\nqui aperiam non debitis possimus qui neque nisi nulla"
        }
  recorded_at: Mon, 26 Jul 2021 19:05:43 GMT
- request:
    method: get
    uri: "<API-URL>/posts/4"
    body:
      encoding: US-ASCII
      string: ''
    headers:
      Accept-Encoding:
      - gzip;q=1.0,deflate;q=0.6,identity;q=0.3
      Accept:
      - "*/*"
      User-Agent:
      - Ruby
  response:
    status:
      code: 200
      message: OK
    headers:
      Date:
      - Tue, 27 Jul 2021 13:18:01 GMT
      Content-Type:
      - application/json; charset=utf-8
      Transfer-Encoding:
      - chunked
      Connection:
      - keep-alive
      X-Powered-By:
      - Express
      X-Ratelimit-Limit:
      - '1000'
      X-Ratelimit-Remaining:
      - '999'
      X-Ratelimit-Reset:
      - '1627391941'
      Vary:
      - Origin, Accept-Encoding
      Access-Control-Allow-Credentials:
      - 'true'
      Cache-Control:
      - max-age=43200
      Pragma:
      - no-cache
      Expires:
      - "-1"
      X-Content-Type-Options:
      - nosniff
      Etag:
      - W/"10e-HqG77o1RAmatkSwR36f4+Io6g1E"
      Via:
      - 1.1 vegur
      Cf-Cache-Status:
      - MISS
      Expect-Ct:
      - max-age=604800, report-uri="https://report-uri.cloudflare.com/cdn-cgi/beacon/expect-ct"
      Report-To:
      - '{"endpoints":[{"url":"https:\/\/a.nel.cloudflare.com\/report\/v3?s=W6jSQ6jxOgcp6X5d2kAnpd0aMHuzHlZ2lZWvv3FYXvwUS0Y4wivmxHRDSBTPOB9%2BNMNF4%2BznJhHojidsQp7A95G0%2FVkyuGNOlGm84q9hI%2FY49fvmDSuJTulg8JDinGcWteOQTqD0HBBLxpOMwzZ%2F"}],"group":"cf-nel","max_age":604800}'
      Nel:
      - '{"report_to":"cf-nel","max_age":604800}'
      Server:
      - cloudflare
      Cf-Ray:
      - 675626bb8c67370c-MIA
      Alt-Svc:
      - h3-27=":443"; ma=86400, h3-28=":443"; ma=86400, h3-29=":443"; ma=86400, h3=":443";
        ma=86400
    body:
      encoding: ASCII-8BIT
      string: |-
        {
          "userId": 1,
          "id": 4,
          "title": "eum et est occaecati",
          "body": "ullam et saepe reiciendis voluptatem adipisci\nsit amet autem assumenda provident rerum culpa\nquis hic commodi nesciunt rem tenetur doloremque ipsam iure\nquis sunt voluptatem rerum illo velit"
        }
  recorded_at: Tue, 27 Jul 2021 13:18:01 GMT
- request:
    method: get
    uri: "<API-URL>/posts/5"
    body:
      encoding: US-ASCII
      string: ''
    headers:
      Accept-Encoding:
      - gzip;q=1.0,deflate;q=0.6,identity;q=0.3
      Accept:
      - "*/*"
      User-Agent:
      - Ruby
  response:
    status:
      code: 200
      message: OK
    headers:
      Date:
      - Tue, 27 Jul 2021 13:18:14 GMT
      Content-Type:
      - application/json; charset=utf-8
      Transfer-Encoding:
      - chunked
      Connection:
      - keep-alive
      X-Powered-By:
      - Express
      X-Ratelimit-Limit:
      - '1000'
      X-Ratelimit-Remaining:
      - '998'
      X-Ratelimit-Reset:
      - '1627391941'
      Vary:
      - Origin, Accept-Encoding
      Access-Control-Allow-Credentials:
      - 'true'
      Cache-Control:
      - max-age=43200
      Pragma:
      - no-cache
      Expires:
      - "-1"
      X-Content-Type-Options:
      - nosniff
      Etag:
      - W/"e1-IivojO0CtPZmcMK0iydTbsfG7Wc"
      Via:
      - 1.1 vegur
      Cf-Cache-Status:
      - MISS
      Expect-Ct:
      - max-age=604800, report-uri="https://report-uri.cloudflare.com/cdn-cgi/beacon/expect-ct"
      Report-To:
      - '{"endpoints":[{"url":"https:\/\/a.nel.cloudflare.com\/report\/v3?s=HZO2KwUeyBjG4oafAJcj0xGt0RifmfTi30tutZYsoRlPtsA%2BO70PHUtTyY9mpnct4H9%2BJ1Jk0aqcSR2vGvagSrwpMI2GQB8mP2OeooM%2FUsrir2%2Fbf7SvCCnXdbUJkjqsWn6oNobeXh6pFMRZfpx4"}],"group":"cf-nel","max_age":604800}'
      Nel:
      - '{"report_to":"cf-nel","max_age":604800}'
      Server:
      - cloudflare
      Cf-Ray:
      - 6756270e8a83d505-MIA
      Alt-Svc:
      - h3-27=":443"; ma=86400, h3-28=":443"; ma=86400, h3-29=":443"; ma=86400, h3=":443";
        ma=86400
    body:
      encoding: ASCII-8BIT
      string: |-
        {
          "userId": 1,
          "id": 5,
          "title": "nesciunt quas odio",
          "body": "repudiandae veniam quaerat sunt sed\nalias aut fugiat sit autem sed est\nvoluptatem omnis possimus esse voluptatibus quis\nest aut tenetur dolor neque"
        }
  recorded_at: Tue, 27 Jul 2021 13:18:15 GMT
recorded_with: VCR 6.0.0
